// Jest Snapshot v1, https://goo.gl/fbAQLP

exports[`renders succesfully 1`] = `<Results />`;
